ERC report (2026-08-08T01:00:37, Encoding UTF8)
Report includes: Errors, Warnings

***** Sheet /
[lib_symbol_issues]: The current configuration does not include the symbol library 'NON-BOM'
    ; warning
    @(3100 mils, 5950 mils): Symbol TP_GND_1 [TestPoint 1mmPad]
[lib_symbol_issues]: The current configuration does not include the symbol library 'NON-BOM'
    ; warning
    @(3100 mils, 6250 mils): Symbol TP_GND_0 [TestPoint 1mmPad]
[lib_symbol_issues]: The current configuration does not include the symbol library 'NON-BOM'
    ; warning
    @(3100 mils, 6550 mils): Symbol TP_3V3_0 [TestPoint 1mmPad]
[lib_symbol_issues]: The current configuration does not include the symbol library 'NON-BOM'
    ; warning
    @(3100 mils, 6850 mils): Symbol TP_5V_0 [TestPoint 1mmPad]
[lib_symbol_issues]: The current configuration does not include the symbol library 'NON-BOM'
    ; warning
    @(3100 mils, 7150 mils): Symbol TP_5VIDEO_0 [TestPoint 1mmPad]
[lib_symbol_issues]: The current configuration does not include the symbol library 'NON-BOM'
    ; warning
    @(3100 mils, 7450 mils): Symbol TP_VBAT_0 [TestPoint 1mmPad]
[lib_symbol_issues]: The current configuration does not include the symbol library 'NON-BOM'
    ; warning
    @(4500 mils, 5850 mils): Symbol TP_VBAT_ADC_0 [TestPoint 1mmPad]
[lib_symbol_issues]: The current configuration does not include the symbol library 'NON-BOM'
    ; warning
    @(6150 mils, 750 mils): Symbol TP_IMU_INT_0 [TestPoint 1mmPad]
[lib_symbol_issues]: The current configuration does not include the symbol library 'NON-BOM'
    ; warning
    @(7000 mils, 5700 mils): Symbol H_MNT1 [MountingHole 3_2mm_M3]
[lib_symbol_issues]: The current configuration does not include the symbol library 'NON-BOM'
    ; warning
    @(7000 mils, 5900 mils): Symbol H_MNT2 [MountingHole 3_2mm_M3]
[lib_symbol_issues]: The current configuration does not include the symbol library 'NON-BOM'
    ; warning
    @(7000 mils, 6100 mils): Symbol H_MNT3 [MountingHole 3_2mm_M3]
[lib_symbol_issues]: The current configuration does not include the symbol library 'NON-BOM'
    ; warning
    @(7000 mils, 6300 mils): Symbol H_MNT4 [MountingHole 3_2mm_M3]
[lib_symbol_mismatch]: Symbol 'Crystal_GND24' doesn't match copy in library 'Device'
    ; warning
    @(3800 mils, 2300 mils): Symbol Y_HSE1 [Crystal_GND24]
[isolated_pin_label]: Label connected to only one pin
    ; warning
    @(4200 mils, 3000 mils): Label 'VBAT_IN'
[lib_symbol_mismatch]: Symbol 'AP2112K-3.3TRG1' doesn't match copy in library 'AP2112K-3.3TRG1'
    ; warning
    @(7050 mils, 4650 mils): Symbol U_LDO1 [AP2112K-3.3TRG1]
[lib_symbol_mismatch]: Symbol 'Crystal_GND24' doesn't match copy in library 'Device'
    ; warning
    @(2600 mils, 2350 mils): Symbol Y_OSD1 [Crystal_GND24]
[lib_symbol_mismatch]: Symbol 'ICM-42688-P' doesn't match copy in library 'ICM-42688-P'
    ; warning
    @(4500 mils, 3400 mils): Symbol U_IMU1 [ICM-42688-P]
[lib_symbol_mismatch]: Symbol 'USB_C_Receptacle_USB2.0_16P' doesn't match copy in library 'Connector'
    ; warning
    @(3300 mils, 2800 mils): Symbol J_USB1 [USB_C_Receptacle_USB2.0_16P]
[lib_symbol_mismatch]: Symbol 'BM03B-SRSS-TB_LF__SN_' doesn't match copy in library 'BM03B-SRSS-TB_LF__SN_'
    ; warning
    @(10350 mils, 2100 mils): Symbol J_CAM1 [BM03B-SRSS-TB_LF__SN_]
[lib_symbol_mismatch]: Symbol 'BM04B-SRSS-TB_LF__SN_' doesn't match copy in library 'BM04B-SRSS-TB_LF__SN_'
    ; warning
    @(10450 mils, 6050 mils): Symbol J_RX1 [BM04B-SRSS-TB_LF__SN_]
[lib_symbol_mismatch]: Symbol 'BM06B-SRSS-TB_LF__SN_' doesn't match copy in library 'BM06B-SRSS-TB_LF__SN_'
    ; warning
    @(13550 mils, 6050 mils): Symbol J_GPS1 [BM06B-SRSS-TB_LF__SN_]
[lib_symbol_mismatch]: Symbol 'BM04B-SRSS-TB_LF__SN_' doesn't match copy in library 'BM04B-SRSS-TB_LF__SN_'
    ; warning
    @(13600 mils, 2150 mils): Symbol J_VTX1 [BM04B-SRSS-TB_LF__SN_]
[lib_symbol_mismatch]: Symbol 'BM08B-SRSS-TB_LF__SN_' doesn't match copy in library 'BM08B-SRSS-TB_LF__SN_'
    ; warning
    @(13700 mils, 3950 mils): Symbol J_ESC1 [BM08B-SRSS-TB_LF__SN_]

***** Sheet /Power/

***** Sheet /MCU Core/

***** Sheet /Sensors/

***** Sheet /Video&OSD/

***** Sheet /Interfaces&IO/

 ** ERC messages: 23  Errors 0  Warnings 23

 ** Ignored checks:
    - Global label only appears once in the schematic
    - Four connection points are joined together
    - SPICE model issue
    - Assigned footprint doesn't match footprint filters
